Microchip MPLAB XC8 Compiler V2.41

Linker command line:

-W-3 \
  --edf=C:/Program Files/Microchip/MPLABX/v6.15/packs/Microchip/PIC12-16F1xxx_DFP/1.6.241/xc8\pic\dat\20230706175530_en.msgs \
  -cn -h+dist/default/production\MENU_LCD.X.production.sym \
  --cmf=dist/default/production\MENU_LCD.X.production.cmf -z -Q16F1939 \
  -oC:\Users\iProf\AppData\Local\Temp\xcAsu8.\driver_tmp_3.o \
  --defsym=__MPLAB_BUILD=1 --fixupoverflow=error \
  -Mdist/default/production/MENU_LCD.X.production.map \
  --md=C:\Users\iProf\AppData\Local\Temp\xcAsu8.\driver_tmp_0.dat -E1 \
  -ver=XC8 Compiler --acfsm=1493 -ACODE=00h-07FFhx8 -ASTRCODE=00h-03FFFh \
  -ASTRING=00h-0FFhx64 -ACONST=00h-0FFhx64 -AENTRY=00h-0FFhx64 \
  -ACOMMON=070h-07Fh -ABANK0=020h-06Fh -ABANK1=0A0h-0EFh \
  -ABANK2=0120h-016Fh -ABANK3=01A0h-01EFh -ABANK4=0220h-026Fh \
  -ABANK5=02A0h-02EFh -ABANK6=0320h-036Fh -ABANK7=03A0h-03EFh \
  -ABANK8=0420h-046Fh -ABANK9=04A0h-04EFh -ABANK10=0520h-056Fh \
  -ABANK11=05A0h-05EFh -ABANK12=0620h-064Fh -ABIGRAM=02000h-023EFh \
  -ARAM=020h-06Fh,0A0h-0EFh,0120h-016Fh,01A0h-01EFh,0220h-026Fh,02A0h-02EFh,0320h-036Fh,03A0h-03EFh,0420h-046Fh,04A0h-04EFh,0520h-056Fh,05A0h-05EFh,0620h-064Fh \
  -AABS1=020h-07Fh,0A0h-0EFh,0120h-016Fh,01A0h-01EFh,0220h-026Fh,02A0h-02EFh,0320h-036Fh,03A0h-03EFh,0420h-046Fh,04A0h-04EFh,0520h-056Fh,05A0h-05EFh,0620h-064Fh \
  -ASFR0=00h-01Fh -ASFR1=080h-09Fh -ASFR2=0100h-011Fh -ASFR3=0180h-019Fh \
  -ASFR4=0200h-021Fh -ASFR5=0280h-029Fh -ASFR6=0300h-031Fh \
  -ASFR7=0380h-039Fh -ASFR8=0400h-041Fh -ASFR9=0480h-049Fh \
  -ASFR10=0500h-051Fh -ASFR11=0580h-059Fh -ASFR12=0600h-061Fh \
  -ASFR13=0680h-06EFh -ASFR14=0700h-076Fh -ASFR15=0780h-07EFh \
  -ASFR16=0800h-086Fh -ASFR17=0880h-08EFh -ASFR18=0900h-096Fh \
  -ASFR19=0980h-09EFh -ASFR20=0A00h-0A6Fh -ASFR21=0A80h-0AEFh \
  -ASFR22=0B00h-0B6Fh -ASFR23=0B80h-0BEFh -ASFR24=0C00h-0C6Fh \
  -ASFR25=0C80h-0CEFh -ASFR26=0D00h-0D6Fh -ASFR27=0D80h-0DEFh \
  -ASFR28=0E00h-0E6Fh -ASFR29=0E80h-0EEFh -ASFR30=0F00h-0F6Fh \
  -ASFR31=0F80h-0FEFh -ACONFIG=08007h-08008h -DCONFIG=2 \
  -AIDLOC=08000h-08003h -DIDLOC=2 -AEEDATA=00h-0FFh/0F000h \
  -peeprom_data=EEDATA -DEEDATA=2 -DCODE=2 -DSTRCODE=2 -DSTRING=2 -DCONST=2 \
  -DENTRY=2 -preset_vec=00h,intentry,init,end_init -ppowerup=CODE \
  -pcinit=CODE -pfunctab=ENTRY -k \
  C:\Users\iProf\AppData\Local\Temp\xcAsu8.\driver_tmp_20.o \
  dist/default/production\MENU_LCD.X.production.o 

Object code version is 3.11

Machine type is 16F1939



                Name                               Link     Load   Length Selector   Space Scale
C:\Users\iProf\AppData\Local\Temp\xcAsu8.\driver_tmp_20.o
                end_init                              2        2        2        0       0
                reset_vec                             0        0        2        0       0
                config                             8007     8007        2        0       4
dist/default/production\MENU_LCD.X.production.o
                cinit                               7DB      7DB       25      FB6       0
                config                             8007     8007        2        0       4
                text51                             1B4B     1B4B       29     3696       0
                text50                             19E1     19E1       1C     33C2       0
                text49                              806      806       2D     100C       0
                text48                             1B74     1B74       29     36E8       0
                text47                             19B6     19B6       15     336C       0
                text46                             1001     1001        C     2002       0
                text45                             19FD     19FD       1F     33FA       0
                text44                             1F13     1F13       ED     3E26       0
                text43                             10D0     10D0       ED     21A0       0
                text42                             11BD     11BD       ED     237A       0
                text41                             159D     159D      131     2B3A       0
                text40                             1974     1974        4     32E8       0
                text39                             1978     1978        4     32F0       0
                text38                             197C     197C        4     32F8       0
                text37                             16CE     16CE      132     2D9C       0
                text36                             1980     1980        4     3300       0
                text35                             1984     1984        4     3308       0
                text34                             1988     1988        4     3310       0
                text33                              8DD      8DD      132     11BA       0
                text32                             12AA     12AA       EE     2554       0
                text31                             1398     1398       F2     2730       0
                text30                             19CB     19CB       16     3396       0
                text29                              833      833       AA     1066       0
                text28                              A0F      A0F      1AA     141E       0
                text27                             1BE5     1BE5       4E     37CA       0
                text26                             1045     1045       8B     208A       0
                text25                             1ADC     1ADC       23     35B8       0
                text24                              DC5      DC5      23B     1B8A       0
                text23                             198C     198C        B     3318       0
                text22                              BB9      BB9      20C     1772       0
                text21                             1A5A     1A5A       20     34B4       0
                text20                             1D39     1D39       70     3A72       0
                text19                             1DA9     1DA9       7F     3B52       0
                text18                             1E28     1E28       EB     3C50       0
                text17                             1ABA     1ABA       22     3574       0
                text16                             1B24     1B24       27     3648       0
                text15                                5        5        1        A       0
                text14                             1C83     1C83       57     3906       0
                text13                             1AFF     1AFF       25     35FE       0
                text12                             1B9D     1B9D       48     373A       0
                text11                             1A1C     1A1C       1F     3438       0
                text10                              1AC      1AC      62F      358       0
                text9                              1A3B     1A3B       1F     3476       0
                text8                                 D        D       61       1A       0
                text7                                6E       6E      13E       DC       0
                text6                              1A7A     1A7A       20     34F4       0
                text5                              1A9A     1A9A       20     3534       0
                text4                              148A     148A      113     2914       0
                text3                              1997     1997        B     332E       0
                text2                              1C33     1C33       50     3866       0
                text1                              100D     100D       38     201A       0
                maintext                           1CDA     1CDA       5F     39B4       0
                cstackBANK0                          20       20       50       20       1
                cstackCOMMON                         70       70        E       70       1
                cstackBANK1                          A0       A0       4E       A0       1
                cstackBANK2                         14B      14B        D      120       1
                clrtext                             800      800        6      FB6       0
                inittext                              7        7        6        E       0
                bssBANK3                            1A0      1A0       50      1A0       1
                dataBANK2                           137      137       14      120       1
                bssBANK2                            120      120       17      120       1
                dataBANK1                            EF       EF        1       A0       1
                bssBANK1                             EE       EE        1       A0       1
                stringtext25                       21D4     21D4        4     4000       0
                stringtext24                       21D0     21D0        4     4000       0
                stringtext23                       21C5     21C5        B     4000       0
                stringtext22                       21B9     21B9        C     4000       0
                stringtext21                       21A4     21A4       15     4000       0
                stringtext20                       218F     218F       15     4000       0
                stringtext19                       217A     217A       15     4000       0
                stringtext18                       2165     2165       15     4000       0
                stringtext17                       2150     2150       15     4000       0
                stringtext16                       213B     213B       15     4000       0
                stringtext15                       2126     2126       15     4000       0
                stringtext14                       2111     2111       15     4000       0
                stringtext13                       20FC     20FC       15     4000       0
                stringtext12                       20E7     20E7       15     4000       0
                stringtext11                       20D2     20D2       15     4000       0
                stringtext10                       20BD     20BD       15     4000       0
                stringtext9                        20A8     20A8       15     4000       0
                stringtext8                        2093     2093       15     4000       0
                stringtext7                        207E     207E       15     4000       0
                stringtext6                        2069     2069       15     4000       0
                stringtext5                        2054     2054       15     4000       0
                stringtext4                        203F     203F       15     4000       0
                stringtext3                        202A     202A       15     4000       0
                stringtext2                        2015     2015       15     4000       0
                stringtext1                        2000     2000       15     4000       0
                idataBANK2                         19A2     19A2       14     3344       0
                idataBANK1                            6        6        1        C       0

TOTAL           Name                               Link     Load   Length     Space
        CLASS   CODE           
                end_init                              2        2        2         0
                cinit                               7DB      7DB       25         0
                reset_vec                             0        0        2         0
                text51                             1B4B     1B4B       29         0
                text50                             19E1     19E1       1C         0
                text49                              806      806       2D         0
                text48                             1B74     1B74       29         0
                text47                             19B6     19B6       15         0
                text46                             1001     1001        C         0
                text45                             19FD     19FD       1F         0
                text44                             1F13     1F13       ED         0
                text43                             10D0     10D0       ED         0
                text42                             11BD     11BD       ED         0
                text41                             159D     159D      131         0
                text40                             1974     1974        4         0
                text39                             1978     1978        4         0
                text38                             197C     197C        4         0
                text37                             16CE     16CE      132         0
                text36                             1980     1980        4         0
                text35                             1984     1984        4         0
                text34                             1988     1988        4         0
                text33                              8DD      8DD      132         0
                text32                             12AA     12AA       EE         0
                text31                             1398     1398       F2         0
                text30                             19CB     19CB       16         0
                text29                              833      833       AA         0
                text28                              A0F      A0F      1AA         0
                text27                             1BE5     1BE5       4E         0
                text26                             1045     1045       8B         0
                text25                             1ADC     1ADC       23         0
                text24                              DC5      DC5      23B         0
                text23                             198C     198C        B         0
                text22                              BB9      BB9      20C         0
                text21                             1A5A     1A5A       20         0
                text20                             1D39     1D39       70         0
                text19                             1DA9     1DA9       7F         0
                text18                             1E28     1E28       EB         0
                text17                             1ABA     1ABA       22         0
                text16                             1B24     1B24       27         0
                text15                                5        5        1         0
                text14                             1C83     1C83       57         0
                text13                             1AFF     1AFF       25         0
                text12                             1B9D     1B9D       48         0
                text11                             1A1C     1A1C       1F         0
                text10                              1AC      1AC      62F         0
                text9                              1A3B     1A3B       1F         0
                text8                                 D        D       61         0
                text7                                6E       6E      13E         0
                text6                              1A7A     1A7A       20         0
                text5                              1A9A     1A9A       20         0
                text4                              148A     148A      113         0
                text3                              1997     1997        B         0
                text2                              1C33     1C33       50         0
                text1                              100D     100D       38         0
                maintext                           1CDA     1CDA       5F         0
                clrtext                             800      800        6         0
                inittext                              7        7        6         0
                idataBANK2                         19A2     19A2       14         0
                idataBANK1                            6        6        1         0

        CLASS   STRCODE        
                stringtext25                       21D4     21D4        4         0
                stringtext24                       21D0     21D0        4         0
                stringtext23                       21C5     21C5        B         0
                stringtext22                       21B9     21B9        C         0
                stringtext21                       21A4     21A4       15         0
                stringtext20                       218F     218F       15         0
                stringtext19                       217A     217A       15         0
                stringtext18                       2165     2165       15         0
                stringtext17                       2150     2150       15         0
                stringtext16                       213B     213B       15         0
                stringtext15                       2126     2126       15         0
                stringtext14                       2111     2111       15         0
                stringtext13                       20FC     20FC       15         0
                stringtext12                       20E7     20E7       15         0
                stringtext11                       20D2     20D2       15         0
                stringtext10                       20BD     20BD       15         0
                stringtext9                        20A8     20A8       15         0
                stringtext8                        2093     2093       15         0
                stringtext7                        207E     207E       15         0
                stringtext6                        2069     2069       15         0
                stringtext5                        2054     2054       15         0
                stringtext4                        203F     203F       15         0
                stringtext3                        202A     202A       15         0
                stringtext2                        2015     2015       15         0
                stringtext1                        2000     2000       15         0

        CLASS   STRING         

        CLASS   CONST          

        CLASS   ENTRY          

        CLASS   COMMON         
                cstackCOMMON                         70       70        E         1

        CLASS   BANK0          
                cstackBANK0                          20       20       50         1

        CLASS   BANK1          
                cstackBANK1                          A0       A0       4E         1
                dataBANK1                            EF       EF        1         1
                bssBANK1                             EE       EE        1         1

        CLASS   BANK2          
                cstackBANK2                         14B      14B        D         1
                dataBANK2                           137      137       14         1
                bssBANK2                            120      120       17         1

        CLASS   BANK3          
                bssBANK3                            1A0      1A0       50         1

        CLASS   BANK4          

        CLASS   BANK5          

        CLASS   BANK6          

        CLASS   BANK7          

        CLASS   BANK8          

        CLASS   BANK9          

        CLASS   BANK10         

        CLASS   BANK11         

        CLASS   BANK12         

        CLASS   BIGRAM         

        CLASS   RAM            

        CLASS   ABS1           
                abs_s1                               7E       7E        2         1

        CLASS   SFR0           

        CLASS   SFR1           

        CLASS   SFR2           

        CLASS   SFR3           

        CLASS   SFR4           

        CLASS   SFR5           

        CLASS   SFR6           

        CLASS   SFR7           

        CLASS   SFR8           

        CLASS   SFR9           

        CLASS   SFR10          

        CLASS   SFR11          

        CLASS   SFR12          

        CLASS   SFR13          

        CLASS   SFR14          

        CLASS   SFR15          

        CLASS   SFR16          

        CLASS   SFR17          

        CLASS   SFR18          

        CLASS   SFR19          

        CLASS   SFR20          

        CLASS   SFR21          

        CLASS   SFR22          

        CLASS   SFR23          

        CLASS   SFR24          

        CLASS   SFR25          

        CLASS   SFR26          

        CLASS   SFR27          

        CLASS   SFR28          

        CLASS   SFR29          

        CLASS   SFR30          

        CLASS   SFR31          

        CLASS   CONFIG         
                config                             8007     8007        2         4

        CLASS   IDLOC          

        CLASS   EEDATA         

        CLASS   BANK31         

        CLASS   BANK30         

        CLASS   BANK29         

        CLASS   BANK28         

        CLASS   BANK27         

        CLASS   BANK26         

        CLASS   BANK25         

        CLASS   BANK24         

        CLASS   BANK23         

        CLASS   BANK22         

        CLASS   BANK21         

        CLASS   BANK20         

        CLASS   BANK19         

        CLASS   BANK18         

        CLASS   BANK17         

        CLASS   BANK16         

        CLASS   BANK15         

        CLASS   BANK14         

        CLASS   BANK13         

        CLASS   HEAP           

        CLASS   STACK          



SEGMENTS        Name                           Load    Length   Top    Selector   Space  Class     Delta

                reset_vec                      000000  000004  000004         0       0  CODE        2
                text15                         000005  000001  000006         A       0  CODE        2
                idataBANK1                     000006  000001  000007         C       0  CODE        2
                inittext                       000007  000006  00000D         E       0  CODE        2
                text8                          00000D  000061  00006E        1A       0  CODE        2
                cstackBANK0                    000020  000050  000070        20       1  BANK0       1
                cstackCOMMON                   000070  00000E  00007E        70       1  COMMON      1
                cstackBANK1                    0000A0  000050  0000F0        A0       1  BANK1       1
                text7                          00006E  00013E  0001AC        DC       0  CODE        2
                bssBANK2                       000120  000038  000158       120       1  BANK2       1
                bssBANK3                       0001A0  000050  0001F0       1A0       1  BANK3       1
                text10                         0001AC  00062F  0007DB       358       0  CODE        2
                cinit                          0007DB  00002B  000806       FB6       0  CODE        2
                text49                         000806  00002D  000833      100C       0  CODE        2
                text29                         000833  0000AA  0008DD      1066       0  CODE        2
                text33                         0008DD  000132  000A0F      11BA       0  CODE        2
                text28                         000A0F  0001AA  000BB9      141E       0  CODE        2
                text22                         000BB9  00020C  000DC5      1772       0  CODE        2
                text24                         000DC5  00023B  001000      1B8A       0  CODE        2
                text46                         001001  00000C  00100D      2002       0  CODE        2
                text1                          00100D  000038  001045      201A       0  CODE        2
                text26                         001045  00008B  0010D0      208A       0  CODE        2
                text43                         0010D0  0000ED  0011BD      21A0       0  CODE        2
                text42                         0011BD  0000ED  0012AA      237A       0  CODE        2
                text32                         0012AA  0000EE  001398      2554       0  CODE        2
                text31                         001398  0000F2  00148A      2730       0  CODE        2
                text4                          00148A  000113  00159D      2914       0  CODE        2
                text41                         00159D  000131  0016CE      2B3A       0  CODE        2
                text37                         0016CE  000132  001800      2D9C       0  CODE        2
                text40                         001974  000004  001978      32E8       0  CODE        2
                text39                         001978  000004  00197C      32F0       0  CODE        2
                text38                         00197C  000004  001980      32F8       0  CODE        2
                text36                         001980  000004  001984      3300       0  CODE        2
                text35                         001984  000004  001988      3308       0  CODE        2
                text34                         001988  000004  00198C      3310       0  CODE        2
                text23                         00198C  00000B  001997      3318       0  CODE        2
                text3                          001997  00000B  0019A2      332E       0  CODE        2
                idataBANK2                     0019A2  000014  0019B6      3344       0  CODE        2
                text47                         0019B6  000015  0019CB      336C       0  CODE        2
                text30                         0019CB  000016  0019E1      3396       0  CODE        2
                text50                         0019E1  00001C  0019FD      33C2       0  CODE        2
                text45                         0019FD  00001F  001A1C      33FA       0  CODE        2
                text11                         001A1C  00001F  001A3B      3438       0  CODE        2
                text9                          001A3B  00001F  001A5A      3476       0  CODE        2
                text21                         001A5A  000020  001A7A      34B4       0  CODE        2
                text6                          001A7A  000020  001A9A      34F4       0  CODE        2
                text5                          001A9A  000020  001ABA      3534       0  CODE        2
                text17                         001ABA  000022  001ADC      3574       0  CODE        2
                text25                         001ADC  000023  001AFF      35B8       0  CODE        2
                text13                         001AFF  000025  001B24      35FE       0  CODE        2
                text16                         001B24  000027  001B4B      3648       0  CODE        2
                text51                         001B4B  000029  001B74      3696       0  CODE        2
                text48                         001B74  000029  001B9D      36E8       0  CODE        2
                text12                         001B9D  000048  001BE5      373A       0  CODE        2
                text27                         001BE5  00004E  001C33      37CA       0  CODE        2
                text2                          001C33  000050  001C83      3866       0  CODE        2
                text14                         001C83  000057  001CDA      3906       0  CODE        2
                maintext                       001CDA  00005F  001D39      39B4       0  CODE        2
                text20                         001D39  000070  001DA9      3A72       0  CODE        2
                text19                         001DA9  00007F  001E28      3B52       0  CODE        2
                text18                         001E28  0000EB  001F13      3C50       0  CODE        2
                text44                         001F13  0000ED  002000      3E26       0  CODE        2
                stringtext1                    002000  0001D8  0021D8      4000       0  STRCODE     2


UNUSED ADDRESS RANGES

        Name                Unused          Largest block    Delta
        BANK10           00520-0056F              50           1
        BANK11           005A0-005EF              50           1
        BANK12           00620-0064F              30           1
        BANK2            00158-0016F              18           1
        BANK4            00220-0026F              50           1
        BANK5            002A0-002EF              50           1
        BANK6            00320-0036F              50           1
        BANK7            003A0-003EF              50           1
        BANK8            00420-0046F              50           1
        BANK9            004A0-004EF              50           1
        BIGRAM           02000-023EF             3F0           1
        CODE             00004-00004               1           2
                         01000-01000               1
                         01800-01973             174
                         021D8-03FFF             800
        CONST            00004-00004               1           2
                         01000-01000               1
                         01800-01973             100
                         021D8-03FFF             100
        EEDATA           0F000-0F0FF             100           2
        ENTRY            00004-00004               1           2
                         01000-01000               1
                         01800-01973             100
                         021D8-03FFF             100
        IDLOC            08000-08003               4           2
        RAM              00158-0016F              18           1
                         00220-0026F              50
                         002A0-002EF              50
                         00320-0036F              50
                         003A0-003EF              50
                         00420-0046F              50
                         004A0-004EF              50
                         00520-0056F              50
                         005A0-005EF              50
                         00620-0064F              30
        SFR0             00000-0001F              20           1
        SFR1             00080-0009F              20           1
        SFR10            00500-0051F              20           1
        SFR11            00580-0059F              20           1
        SFR12            00600-0061F              20           1
        SFR13            00680-006EF              70           1
        SFR14            00700-0076F              70           1
        SFR15            00780-007EF              70           1
        SFR16            00800-0086F              70           1
        SFR17            00880-008EF              70           1
        SFR18            00900-0096F              70           1
        SFR19            00980-009EF              70           1
        SFR2             00100-0011F              20           1
        SFR20            00A00-00A6F              70           1
        SFR21            00A80-00AEF              70           1
        SFR22            00B00-00B6F              70           1
        SFR23            00B80-00BEF              70           1
        SFR24            00C00-00C6F              70           1
        SFR25            00C80-00CEF              70           1
        SFR26            00D00-00D6F              70           1
        SFR27            00D80-00DEF              70           1
        SFR28            00E00-00E6F              70           1
        SFR29            00E80-00EEF              70           1
        SFR3             00180-0019F              20           1
        SFR30            00F00-00F6F              70           1
        SFR31            00F80-00FEF              70           1
        SFR4             00200-0021F              20           1
        SFR5             00280-0029F              20           1
        SFR6             00300-0031F              20           1
        SFR7             00380-0039F              20           1
        SFR8             00400-0041F              20           1
        SFR9             00480-0049F              20           1
        STRCODE          00004-00004               1           2
                         01000-01000               1
                         01800-01973             174
                         021D8-03FFF            1E28
        STRING           00004-00004               1           2
                         01000-01000               1
                         01800-01973             100
                         021D8-03FFF             100

                                  Symbol Table

?_ADC_Get_Value             cstackCOMMON 00070
?__Umul8_16                 cstackCOMMON 00070
?___fladd                   cstackCOMMON 00070
?___fldiv                   cstackBANK0  0003A
?___flmul                   cstackBANK0  00020
?___flneg                   cstackCOMMON 00070
?___flsub                   cstackBANK0  0003A
?___fltol                   cstackCOMMON 00070
?___fpclassifyf             cstackCOMMON 00070
?___wmul                    cstackCOMMON 00070
?___xxtofl                  cstackCOMMON 00070
?_floorf                    cstackBANK0  00054
?_labs                      cstackCOMMON 00070
?_read_prec_or_width        cstackCOMMON 00076
?_sprintf                   cstackBANK1  000E3
?_vfprintf                  cstackBANK1  000DD
ADC_Get_Value@ch            cstackCOMMON 00073
LCD_Cmd@NibbleH             cstackCOMMON 00072
LCD_Cmd@NibbleL             cstackCOMMON 00073
LCD_Cmd@cmd                 cstackCOMMON 00074
LCD_Set_Cursor@col          cstackCOMMON 00075
LCD_Set_Cursor@fila         cstackCOMMON 00078
LCD_Set_Cursor@pos          cstackCOMMON 00079
LCD_Write@col               cstackCOMMON 0007A
LCD_Write@fila              cstackCOMMON 0007C
LCD_Write@letra             cstackCOMMON 0007B
LCD_Write_Cp@NibbleH        cstackCOMMON 00072
LCD_Write_Cp@NibbleL        cstackCOMMON 00073
LCD_Write_Cp@letra          cstackCOMMON 00074
LCD_Write_Text@col          cstackCOMMON 0007A
LCD_Write_Text@fila         cstackBANK0  00020
LCD_Write_Text@text         cstackCOMMON 0007B
Load_Cmd@cmd                cstackCOMMON 00070
Load_Data@data              cstackCOMMON 00070
_ADCON0bits                 (abs)        0009D
_ADCON1bits                 (abs)        0009E
_ADC_Get_Value              text30       019CB
_ADC_Init                   text3        01997
_ADRESH                     (abs)        0009C
_ADRESL                     (abs)        0009B
_ANSELAbits                 (abs)        0018C
_ANSELBbits                 (abs)        0018D
_BORCON                     (abs)        00116
_LATAbits                   (abs)        0010C
_LATBbits                   (abs)        0010D
_LATDbits                   (abs)        0010F
_LCD_Cmd                    text50       019E1
_LCD_Init                   text2        01C33
_LCD_Set_Cursor             text49       00806
_LCD_Write                  text46       01001
_LCD_Write_Cp               text47       019B6
_LCD_Write_Text             text45       019FD
_Load_Cmd                   text51       01B4B
_Load_Data                  text48       01B74
_MA_Off                     text40       01974
_MA_TurnL                   text39       01978
_MA_TurnR                   text38       0197C
_MB_Off                     text36       01980
_MB_TurnL                   text35       01984
_MB_TurnR                   text34       01988
_MenuL1                     text44       01F13
_MenuL2                     text43       010D0
_MenuL3                     text42       011BD
_MenuLeds                   text41       0159D
_MenuMOTORA                 text37       016CE
_MenuMOTORB                 text33       008DD
_MenuMotores                text32       012AA
_MenuPPAL                   text31       01398
_MenuSensores               text4        0148A
_OSCCON                     (abs)        00099
_OSCTUNE                    (abs)        00098
_PORTBbits                  (abs)        0000D
_SystemInit                 text1        0100D
_TRISAbits                  (abs)        0008C
_TRISBbits                  (abs)        0008D
_TRISDbits                  (abs)        0008F
__H__absolute__             __absolute__ 00000
__Habs1                     abs1         00000
__Hbank0                    bank0        00000
__Hbank1                    bank1        00000
__Hbank10                   bank10       00000
__Hbank11                   bank11       00000
__Hbank12                   bank12       00000
__Hbank13                   bank13       00000
__Hbank14                   bank14       00000
__Hbank15                   bank15       00000
__Hbank16                   bank16       00000
__Hbank17                   bank17       00000
__Hbank18                   bank18       00000
__Hbank19                   bank19       00000
__Hbank2                    bank2        00000
__Hbank20                   bank20       00000
__Hbank21                   bank21       00000
__Hbank22                   bank22       00000
__Hbank23                   bank23       00000
__Hbank24                   bank24       00000
__Hbank25                   bank25       00000
__Hbank26                   bank26       00000
__Hbank27                   bank27       00000
__Hbank28                   bank28       00000
__Hbank29                   bank29       00000
__Hbank3                    bank3        00000
__Hbank30                   bank30       00000
__Hbank31                   bank31       00000
__Hbank4                    bank4        00000
__Hbank5                    bank5        00000
__Hbank6                    bank6        00000
__Hbank7                    bank7        00000
__Hbank8                    bank8        00000
__Hbank9                    bank9        00000
__Hbigram                   bigram       00000
__HbssBANK1                 bssBANK1     00000
__HbssBANK2                 bssBANK2     00000
__HbssBANK3                 bssBANK3     00000
__Hcinit                    cinit        00800
__Hclrtext                  clrtext      00000
__Hcode                     code         00000
__Hcommon                   common       00000
__Hconfig                   config       08009
__HcstackBANK0              cstackBANK0  00000
__HcstackBANK1              cstackBANK1  00000
__HcstackBANK2              cstackBANK2  00000
__HcstackCOMMON             cstackCOMMON 00000
__HdataBANK1                dataBANK1    00000
__HdataBANK2                dataBANK2    00000
__Heeprom_data              eeprom_data  00000
__Hend_init                 end_init     00004
__Hfunctab                  functab      00000
__Hheap                     heap         00000
__HidataBANK1               idataBANK1   00000
__HidataBANK2               idataBANK2   00000
__Hinit                     init         00002
__Hinittext                 inittext     00000
__Hintentry                 intentry     00002
__Hmaintext                 maintext     00000
__Hpowerup                  powerup      00000
__Hram                      ram          00000
__Hreset_vec                reset_vec    00002
__Hsfr0                     sfr0         00000
__Hsfr1                     sfr1         00000
__Hsfr10                    sfr10        00000
__Hsfr11                    sfr11        00000
__Hsfr12                    sfr12        00000
__Hsfr13                    sfr13        00000
__Hsfr14                    sfr14        00000
__Hsfr15                    sfr15        00000
__Hsfr16                    sfr16        00000
__Hsfr17                    sfr17        00000
__Hsfr18                    sfr18        00000
__Hsfr19                    sfr19        00000
__Hsfr2                     sfr2         00000
__Hsfr20                    sfr20        00000
__Hsfr21                    sfr21        00000
__Hsfr22                    sfr22        00000
__Hsfr23                    sfr23        00000
__Hsfr24                    sfr24        00000
__Hsfr25                    sfr25        00000
__Hsfr26                    sfr26        00000
__Hsfr27                    sfr27        00000
__Hsfr28                    sfr28        00000
__Hsfr29                    sfr29        00000
__Hsfr3                     sfr3         00000
__Hsfr30                    sfr30        00000
__Hsfr31                    sfr31        00000
__Hsfr4                     sfr4         00000
__Hsfr5                     sfr5         00000
__Hsfr6                     sfr6         00000
__Hsfr7                     sfr7         00000
__Hsfr8                     sfr8         00000
__Hsfr9                     sfr9         00000
__Hspace_0                  (abs)        021D8
__Hspace_1                  (abs)        001F0
__Hspace_2                  (abs)        00000
__Hspace_3                  (abs)        00000
__Hspace_4                  (abs)        10010
__Hstack                    stack        00000
__Hstrings                  strings      00000
__Hstringtext1              stringtext1  00000
__Hstringtext10             stringtext10 00000
__Hstringtext11             stringtext11 00000
__Hstringtext12             stringtext12 00000
__Hstringtext13             stringtext13 00000
__Hstringtext14             stringtext14 00000
__Hstringtext15             stringtext15 00000
__Hstringtext16             stringtext16 00000
__Hstringtext17             stringtext17 00000
__Hstringtext18             stringtext18 00000
__Hstringtext19             stringtext19 00000
__Hstringtext2              stringtext2  00000
__Hstringtext20             stringtext20 00000
__Hstringtext21             stringtext21 00000
__Hstringtext22             stringtext22 00000
__Hstringtext23             stringtext23 00000
__Hstringtext24             stringtext24 00000
__Hstringtext25             stringtext25 00000
__Hstringtext26             stringtext26 00000
__Hstringtext3              stringtext3  00000
__Hstringtext4              stringtext4  00000
__Hstringtext5              stringtext5  00000
__Hstringtext6              stringtext6  00000
__Hstringtext7              stringtext7  00000
__Hstringtext8              stringtext8  00000
__Hstringtext9              stringtext9  00000
__Htext                     text         00000
__L__absolute__             __absolute__ 00000
__Labs1                     abs1         00000
__Lbank0                    bank0        00000
__Lbank1                    bank1        00000
__Lbank10                   bank10       00000
__Lbank11                   bank11       00000
__Lbank12                   bank12       00000
__Lbank13                   bank13       00000
__Lbank14                   bank14       00000
__Lbank15                   bank15       00000
__Lbank16                   bank16       00000
__Lbank17                   bank17       00000
__Lbank18                   bank18       00000
__Lbank19                   bank19       00000
__Lbank2                    bank2        00000
__Lbank20                   bank20       00000
__Lbank21                   bank21       00000
__Lbank22                   bank22       00000
__Lbank23                   bank23       00000
__Lbank24                   bank24       00000
__Lbank25                   bank25       00000
__Lbank26                   bank26       00000
__Lbank27                   bank27       00000
__Lbank28                   bank28       00000
__Lbank29                   bank29       00000
__Lbank3                    bank3        00000
__Lbank30                   bank30       00000
__Lbank31                   bank31       00000
__Lbank4                    bank4        00000
__Lbank5                    bank5        00000
__Lbank6                    bank6        00000
__Lbank7                    bank7        00000
__Lbank8                    bank8        00000
__Lbank9                    bank9        00000
__Lbigram                   bigram       00000
__LbssBANK1                 bssBANK1     00000
__LbssBANK2                 bssBANK2     00000
__LbssBANK3                 bssBANK3     00000
__Lcinit                    cinit        007DB
__Lclrtext                  clrtext      00000
__Lcode                     code         00000
__Lcommon                   common       00000
__Lconfig                   config       00000
__LcstackBANK0              cstackBANK0  00000
__LcstackBANK1              cstackBANK1  00000
__LcstackBANK2              cstackBANK2  00000
__LcstackCOMMON             cstackCOMMON 00000
__LdataBANK1                dataBANK1    00000
__LdataBANK2                dataBANK2    00000
__Leeprom_data              eeprom_data  00000
__Lend_init                 end_init     00002
__Lfunctab                  functab      00000
__Lheap                     heap         00000
__LidataBANK1               idataBANK1   00000
__LidataBANK2               idataBANK2   00000
__Linit                     init         00002
__Linittext                 inittext     00000
__Lintentry                 intentry     00002
__Lmaintext                 maintext     00000
__Lpowerup                  powerup      00000
__Lram                      ram          00000
__Lreset_vec                reset_vec    00000
__Lsfr0                     sfr0         00000
__Lsfr1                     sfr1         00000
__Lsfr10                    sfr10        00000
__Lsfr11                    sfr11        00000
__Lsfr12                    sfr12        00000
__Lsfr13                    sfr13        00000
__Lsfr14                    sfr14        00000
__Lsfr15                    sfr15        00000
__Lsfr16                    sfr16        00000
__Lsfr17                    sfr17        00000
__Lsfr18                    sfr18        00000
__Lsfr19                    sfr19        00000
__Lsfr2                     sfr2         00000
__Lsfr20                    sfr20        00000
__Lsfr21                    sfr21        00000
__Lsfr22                    sfr22        00000
__Lsfr23                    sfr23        00000
__Lsfr24                    sfr24        00000
__Lsfr25                    sfr25        00000
__Lsfr26                    sfr26        00000
__Lsfr27                    sfr27        00000
__Lsfr28                    sfr28        00000
__Lsfr29                    sfr29        00000
__Lsfr3                     sfr3         00000
__Lsfr30                    sfr30        00000
__Lsfr31                    sfr31        00000
__Lsfr4                     sfr4         00000
__Lsfr5                     sfr5         00000
__Lsfr6                     sfr6         00000
__Lsfr7                     sfr7         00000
__Lsfr8                     sfr8         00000
__Lsfr9                     sfr9         00000
__Lspace_0                  (abs)        00000
__Lspace_1                  (abs)        00000
__Lspace_2                  (abs)        00000
__Lspace_3                  (abs)        00000
__Lspace_4                  (abs)        00000
__Lstack                    stack        00000
__Lstrings                  strings      00000
__Lstringtext1              stringtext1  00000
__Lstringtext10             stringtext10 00000
__Lstringtext11             stringtext11 00000
__Lstringtext12             stringtext12 00000
__Lstringtext13             stringtext13 00000
__Lstringtext14             stringtext14 00000
__Lstringtext15             stringtext15 00000
__Lstringtext16             stringtext16 00000
__Lstringtext17             stringtext17 00000
__Lstringtext18             stringtext18 00000
__Lstringtext19             stringtext19 00000
__Lstringtext2              stringtext2  00000
__Lstringtext20             stringtext20 00000
__Lstringtext21             stringtext21 00000
__Lstringtext22             stringtext22 00000
__Lstringtext23             stringtext23 00000
__Lstringtext24             stringtext24 00000
__Lstringtext25             stringtext25 00000
__Lstringtext26             stringtext26 00000
__Lstringtext3              stringtext3  00000
__Lstringtext4              stringtext4  00000
__Lstringtext5              stringtext5  00000
__Lstringtext6              stringtext6  00000
__Lstringtext7              stringtext7  00000
__Lstringtext8              stringtext8  00000
__Lstringtext9              stringtext9  00000
__Ltext                     text         00000
__S0                        (abs)        021D8
__S1                        (abs)        001F0
__S3                        (abs)        00000
__Umul8_16                  text25       01ADC
__Umul8_16@multiplicand     cstackCOMMON 00070
__Umul8_16@multiplier       cstackCOMMON 00078
__Umul8_16@product          cstackCOMMON 00074
__Umul8_16@word_mpld        cstackCOMMON 00076
___fladd                    text22       00BB9
___fladd@a                  cstackCOMMON 00074
___fladd@aexp               cstackCOMMON 00079
___fladd@b                  cstackCOMMON 00070
___fladd@bexp               cstackCOMMON 0007A
___fladd@grs                cstackCOMMON 0007B
___fladd@signs              cstackCOMMON 00078
___fldiv                    text28       00A0F
___fldiv@a                  cstackBANK0  0003A
___fldiv@aexp               cstackBANK0  00053
___fldiv@b                  cstackBANK0  0003E
___fldiv@bexp               cstackBANK0  00052
___fldiv@grs                cstackBANK0  0004E
___fldiv@new_exp            cstackBANK0  0004C
___fldiv@rem                cstackBANK0  00047
___fldiv@sign               cstackBANK0  0004B
___fleq                     text27       01BE5
___fleq@ff1                 cstackCOMMON 00070
___fleq@ff2                 cstackCOMMON 00074
___flge                     text26       01045
___flge@ff1                 cstackBANK0  0003A
___flge@ff2                 cstackBANK0  0003E
___flmul                    text24       00DC5
___flmul@a                  cstackBANK0  00024
___flmul@aexp               cstackBANK0  00032
___flmul@b                  cstackBANK0  00020
___flmul@bexp               cstackBANK0  00033
___flmul@grs                cstackBANK0  0002E
___flmul@prod               cstackBANK0  00034
___flmul@sign               cstackBANK0  0002D
___flmul@temp               cstackBANK0  00038
___flneg                    text23       0198C
___flneg@f1                 cstackCOMMON 00070
___flsub                    text21       01A5A
___flsub@a                  cstackBANK0  0003A
___flsub@b                  cstackBANK0  0003E
___fltol                    text20       01D39
___fltol@exp1               cstackCOMMON 00079
___fltol@f1                 cstackCOMMON 00070
___fltol@sign1              cstackCOMMON 00078
___fpclassifyf              text19       01DA9
___fpclassifyf@F465         bssBANK2     00124
___fpclassifyf@e            cstackBANK0  00020
___fpclassifyf@u            cstackBANK0  00022
___fpclassifyf@x            cstackCOMMON 00070
___heap_hi                  (abs)        00000
___heap_lo                  (abs)        00000
___int_sp                   stack        00000
___latbits                  (abs)        00003
___sp                       stack        00000
___stackhi                  (abs)        00000
___stacklo                  (abs)        00000
___wmul                     text9        01A3B
___wmul@multiplicand        cstackCOMMON 00072
___wmul@multiplier          cstackCOMMON 00070
___wmul@product             cstackCOMMON 00074
___xxtofl                   text29       00833
___xxtofl@arg               cstackCOMMON 0007A
___xxtofl@exp               cstackCOMMON 00079
___xxtofl@sign              cstackCOMMON 00078
___xxtofl@val               cstackCOMMON 00070
__end_of_ADC_Get_Value      text30       019E1
__end_of_ADC_Init           text3        019A2
__end_of_LCD_Cmd            text50       019FD
__end_of_LCD_Init           text2        01C83
__end_of_LCD_Set_Cursor     text49       00833
__end_of_LCD_Write          text46       0100D
__end_of_LCD_Write_Cp       text47       019CB
__end_of_LCD_Write_Text     text45       01A1C
__end_of_Load_Cmd           text51       01B74
__end_of_Load_Data          text48       01B9D
__end_of_MA_Off             text40       01978
__end_of_MA_TurnL           text39       0197C
__end_of_MA_TurnR           text38       01980
__end_of_MB_Off             text36       01984
__end_of_MB_TurnL           text35       01988
__end_of_MB_TurnR           text34       0198C
__end_of_MenuL1             text44       02000
__end_of_MenuL2             text43       011BD
__end_of_MenuL3             text42       012AA
__end_of_MenuLeds           text41       016CE
__end_of_MenuMOTORA         text37       01800
__end_of_MenuMOTORB         text33       00A0F
__end_of_MenuMotores        text32       01398
__end_of_MenuPPAL           text31       0148A
__end_of_MenuSensores       text4        0159D
__end_of_SystemInit         text1        01045
__end_of__Umul8_16          text25       01AFF
__end_of___fladd            text22       00DC5
__end_of___fldiv            text28       00BB9
__end_of___fleq             text27       01C33
__end_of___flge             text26       010D0
__end_of___flmul            text24       01000
__end_of___flneg            text23       01997
__end_of___flsub            text21       01A7A
__end_of___fltol            text20       01DA9
__end_of___fpclassifyf      text19       01E28
__end_of___wmul             text9        01A5A
__end_of___xxtofl           text29       008DD
__end_of__initialization    cinit        007FD
__end_of_efgtoa             text10       007DB
__end_of_floorf             text18       01F13
__end_of_fputc              text14       01CDA
__end_of_fputs              text13       01B24
__end_of_labs               text17       01ADC
__end_of_main               maintext     01D39
__end_of_memcpy             text16       01B4B
__end_of_pad                text12       01BE5
__end_of_putch              text15       00006
__end_of_read_prec_or_width text8        0006E
__end_of_sprintf            text5        01ABA
__end_of_strcpy             text11       01A3B
__end_of_vfpfcnvrt          text7        001AC
__end_of_vfprintf           text6        01A9A
__initialization            cinit        007DB
__pbssBANK1                 bssBANK1     000EE
__pbssBANK2                 bssBANK2     00120
__pbssBANK3                 bssBANK3     001A0
__pcstackBANK0              cstackBANK0  00020
__pcstackBANK1              cstackBANK1  000A0
__pcstackBANK2              cstackBANK2  0014B
__pcstackCOMMON             cstackCOMMON 00070
__pdataBANK1                dataBANK1    000EF
__pdataBANK2                dataBANK2    00137
__pidataBANK1               idataBANK1   00006
__pidataBANK2               idataBANK2   019A2
__pmaintext                 maintext     01CDA
__pstringtext1              stringtext1  02000
__pstringtext10             stringtext10 020BD
__pstringtext11             stringtext11 020D2
__pstringtext12             stringtext12 020E7
__pstringtext13             stringtext13 020FC
__pstringtext14             stringtext14 02111
__pstringtext15             stringtext15 02126
__pstringtext16             stringtext16 0213B
__pstringtext17             stringtext17 02150
__pstringtext18             stringtext18 02165
__pstringtext19             stringtext19 0217A
__pstringtext2              stringtext2  02015
__pstringtext20             stringtext20 0218F
__pstringtext21             stringtext21 021A4
__pstringtext22             stringtext22 021B9
__pstringtext23             stringtext23 021C5
__pstringtext24             stringtext24 021D0
__pstringtext25             stringtext25 021D4
__pstringtext26             stringtext26 00000
__pstringtext3              stringtext3  0202A
__pstringtext4              stringtext4  0203F
__pstringtext5              stringtext5  02054
__pstringtext6              stringtext6  02069
__pstringtext7              stringtext7  0207E
__pstringtext8              stringtext8  02093
__pstringtext9              stringtext9  020A8
__ptext1                    text1        0100D
__ptext10                   text10       001AC
__ptext11                   text11       01A1C
__ptext12                   text12       01B9D
__ptext13                   text13       01AFF
__ptext14                   text14       01C83
__ptext15                   text15       00005
__ptext16                   text16       01B24
__ptext17                   text17       01ABA
__ptext18                   text18       01E28
__ptext19                   text19       01DA9
__ptext2                    text2        01C33
__ptext20                   text20       01D39
__ptext21                   text21       01A5A
__ptext22                   text22       00BB9
__ptext23                   text23       0198C
__ptext24                   text24       00DC5
__ptext25                   text25       01ADC
__ptext26                   text26       01045
__ptext27                   text27       01BE5
__ptext28                   text28       00A0F
__ptext29                   text29       00833
__ptext3                    text3        01997
__ptext30                   text30       019CB
__ptext31                   text31       01398
__ptext32                   text32       012AA
__ptext33                   text33       008DD
__ptext34                   text34       01988
__ptext35                   text35       01984
__ptext36                   text36       01980
__ptext37                   text37       016CE
__ptext38                   text38       0197C
__ptext39                   text39       01978
__ptext4                    text4        0148A
__ptext40                   text40       01974
__ptext41                   text41       0159D
__ptext42                   text42       011BD
__ptext43                   text43       010D0
__ptext44                   text44       01F13
__ptext45                   text45       019FD
__ptext46                   text46       01001
__ptext47                   text47       019B6
__ptext48                   text48       01B74
__ptext49                   text49       00806
__ptext5                    text5        01A9A
__ptext50                   text50       019E1
__ptext51                   text51       01B4B
__ptext6                    text6        01A7A
__ptext7                    text7        0006E
__ptext8                    text8        0000D
__ptext9                    text9        01A3B
_cMenu                      bssBANK2     00136
_conver                     bssBANK2     00134
_dbuf                       bssBANK3     001A0
_efgtoa                     text10       001AC
_efgtoa$1158                cstackBANK1  000AA
_flags                      bssBANK1     000EE
_floorf                     text18       01E28
_fputc                      text14       01C83
_fputs                      text13       01AFF
_labs                       text17       01ABA
_ldr                        bssBANK2     00128
_lm35                       bssBANK2     0012C
_main                       maintext     01CDA
_memcpy                     text16       01B24
_op                         dataBANK1    000EF
_pad                        text12       01B9D
_prec                       bssBANK2     00132
_putch                      text15       00005
_read_prec_or_width         text8        0000D
_sprintf                    text5        01A9A
_strLCD                     dataBANK2    00137
_strcpy                     text11       01A1C
_vfpfcnvrt                  text7        0006E
_vfprintf                   text6        01A7A
_width                      bssBANK2     00130
btemp                       (abs)        0007E
clear_ram0                  clrtext      00800
efgtoa@c                    cstackBANK0  0006C
efgtoa@d                    cstackBANK1  000AF
efgtoa@e                    cstackBANK1  000B4
efgtoa@f                    cstackBANK0  00068
efgtoa@fp                   cstackBANK1  000B3
efgtoa@g                    cstackBANK1  000C9
efgtoa@h                    cstackBANK1  000BE
efgtoa@i                    cstackBANK1  000BC
efgtoa@l                    cstackBANK1  000C2
efgtoa@m                    cstackBANK1  000B1
efgtoa@mode                 cstackBANK1  000AD
efgtoa@n                    cstackBANK1  000C7
efgtoa@ne                   cstackBANK1  000A4
efgtoa@nmode                cstackBANK1  000AE
efgtoa@ou                   cstackBANK1  000B8
efgtoa@p                    cstackBANK1  000A6
efgtoa@pp                   cstackBANK1  000AC
efgtoa@sign                 cstackBANK1  000C6
efgtoa@t                    cstackBANK1  000A8
efgtoa@u                    cstackBANK1  000CD
efgtoa@w                    cstackBANK1  000B6
end_of_initialization       cinit        007FD
floorf@F526                 bssBANK2     00120
floorf@e                    cstackBANK0  00062
floorf@m                    cstackBANK0  0005E
floorf@u                    cstackBANK0  00064
floorf@x                    cstackBANK0  00054
fputc@c                     cstackCOMMON 00070
fputc@fp                    cstackCOMMON 00072
fputs@c                     cstackBANK0  00020
fputs@fp                    cstackCOMMON 00078
fputs@i                     cstackBANK0  00021
fputs@s                     cstackBANK0  00023
init_ram                    inittext     00007
intlevel0                   functab      00000
intlevel1                   functab      00000
intlevel2                   functab      00000
intlevel3                   functab      00000
intlevel4                   functab      00000
intlevel5                   functab      00000
labs@a                      cstackCOMMON 00070
memcpy@d                    cstackCOMMON 00076
memcpy@d1                   cstackCOMMON 00075
memcpy@n                    cstackCOMMON 00071
memcpy@s                    cstackCOMMON 00077
memcpy@s1                   cstackCOMMON 00070
memcpy@tmp                  cstackCOMMON 00074
pad@buf                     cstackCOMMON 0007B
pad@fp                      cstackBANK0  00029
pad@i                       cstackBANK0  00025
pad@p                       cstackCOMMON 0007C
pad@w                       cstackBANK0  00027
read_prec_or_width@ap       cstackCOMMON 00076
read_prec_or_width@c        cstackBANK0  00020
read_prec_or_width@fmt      cstackBANK0  00023
read_prec_or_width@n        cstackBANK0  00021
reset_vec                   reset_vec    00000
sprintf@ap                  cstackBANK2  0014C
sprintf@f                   cstackBANK2  0014D
sprintf@fmt                 cstackBANK1  000E3
sprintf@s                   cstackBANK2  0014B
start                       init         00002
start_initialization        cinit        007DB
strcpy@d                    cstackCOMMON 00076
strcpy@dest                 cstackCOMMON 00077
strcpy@s                    cstackCOMMON 00074
strcpy@src                  cstackCOMMON 00070
vfpfcnvrt@ap                cstackBANK0  0006E
vfpfcnvrt@c                 cstackBANK1  000DA
vfpfcnvrt@convarg           cstackBANK1  000D5
vfpfcnvrt@cp                cstackBANK1  000DB
vfpfcnvrt@fmt               cstackBANK0  0006D
vfpfcnvrt@fp                cstackBANK1  000D9
vfprintf@ap                 cstackBANK1  000DF
vfprintf@cfmt               cstackBANK1  000E1
vfprintf@fmt                cstackBANK1  000DD
vfprintf@fp                 cstackBANK1  000E0
wtemp0                      (abs)        0007E


MODULE INFORMATION

Module		Function		Class		Link	Load	Size
C:\Program Files\Microchip\xc8\v2.41\pic\sources\c99\common\__fpclassifyf.c
		___fpclassifyf 		CODE           	1DA9	0000	127

C:\Program Files\Microchip\xc8\v2.41\pic\sources\c99\common\__fpclassifyf.c estimated size: 127

LCD_LIB.c
		_LCD_Init      		CODE           	1C33	0000	80
		_LCD_Write_Text		CODE           	19FD	0000	31
		_LCD_Cmd       		CODE           	19E1	0000	28
		_Load_Cmd      		CODE           	1B4B	0000	41
		_Load_Data     		CODE           	1B74	0000	41
		_LCD_Set_Cursor		CODE           	0806	0000	45
		_LCD_Write     		CODE           	1001	0000	12
		_LCD_Write_Cp  		CODE           	19B6	0000	21

LCD_LIB.c estimated size: 299

C:\Program Files\Microchip\xc8\v2.41\pic\sources\c99\common\floorf.c
		_floorf        		CODE           	1E28	0000	235

C:\Program Files\Microchip\xc8\v2.41\pic\sources\c99\common\floorf.c estimated size: 235

C:\Program Files\Microchip\xc8\v2.41\pic\sources\c99\common\flge.c
		___flge        		CODE           	1045	0000	139

C:\Program Files\Microchip\xc8\v2.41\pic\sources\c99\common\flge.c estimated size: 139

C:\Program Files\Microchip\xc8\v2.41\pic\sources\c99\common\Umul8_16.c
		__Umul8_16     		CODE           	1ADC	0000	35

C:\Program Files\Microchip\xc8\v2.41\pic\sources\c99\common\Umul8_16.c estimated size: 35

C:\Program Files\Microchip\xc8\v2.41\pic\sources\c99\common\fltol.c
		___fltol       		CODE           	1D39	0000	112

C:\Program Files\Microchip\xc8\v2.41\pic\sources\c99\common\fltol.c estimated size: 112

C:\Program Files\Microchip\xc8\v2.41\pic\sources\c99\common\xxtofl.c
		___xxtofl      		CODE           	0833	0000	170

C:\Program Files\Microchip\xc8\v2.41\pic\sources\c99\common\xxtofl.c estimated size: 170

C:\Program Files\Microchip\xc8\v2.41\pic\sources\c99\common\nf_fputc.c
		_fputc         		CODE           	1C83	0000	87

C:\Program Files\Microchip\xc8\v2.41\pic\sources\c99\common\nf_fputc.c estimated size: 87

C:\Program Files\Microchip\xc8\v2.41\pic\sources\c99\common\strcpy.c
		_strcpy        		CODE           	1A1C	0000	31

C:\Program Files\Microchip\xc8\v2.41\pic\sources\c99\common\strcpy.c estimated size: 31

C:\Program Files\Microchip\xc8\v2.41\pic\sources\c99\common\nf_sprintf.c
		_sprintf       		CODE           	1A9A	0000	32

C:\Program Files\Microchip\xc8\v2.41\pic\sources\c99\common\nf_sprintf.c estimated size: 32

C:\Program Files\Microchip\xc8\v2.41\pic\sources\c99\common\sprcadd.c
		___flsub       		CODE           	1A5A	0000	32
		___fladd       		CODE           	0BB9	0000	524

C:\Program Files\Microchip\xc8\v2.41\pic\sources\c99\common\sprcadd.c estimated size: 556

C:\Program Files\Microchip\xc8\v2.41\pic\sources\c99\common\doprnt.c
		_read_prec_or_width		CODE           	000D	0000	97
		_vfpfcnvrt     		CODE           	006E	0000	318
		_efgtoa        		CODE           	01AC	0000	1583
		_pad           		CODE           	1B9D	0000	72
		_vfprintf      		CODE           	1A7A	0000	32

C:\Program Files\Microchip\xc8\v2.41\pic\sources\c99\common\doprnt.c estimated size: 2102

Menu.c
		_MenuMOTORA    		CODE           	16CE	0000	306
		_MenuMOTORB    		CODE           	08DD	0000	306
		_MenuMotores   		CODE           	12AA	0000	238
		_MenuL2        		CODE           	10D0	0000	237
		_MenuL3        		CODE           	11BD	0000	237
		_MenuLeds      		CODE           	159D	0000	305
		_SystemInit    		CODE           	100D	0000	56
		_MA_TurnL      		CODE           	1978	0000	4
		_MA_TurnR      		CODE           	197C	0000	4
		_MenuSensores  		CODE           	148A	0000	275
		_MB_TurnL      		CODE           	1984	0000	4
		_MB_TurnR      		CODE           	1988	0000	4
		_MenuL1        		CODE           	1F13	0000	237
		_MA_Off        		CODE           	1974	0000	4
		_MB_Off        		CODE           	1980	0000	4
		_MenuPPAL      		CODE           	1398	0000	242

Menu.c estimated size: 2463

C:\Program Files\Microchip\xc8\v2.41\pic\sources\c99\common\flneg.c
		___flneg       		CODE           	198C	0000	11

C:\Program Files\Microchip\xc8\v2.41\pic\sources\c99\common\flneg.c estimated size: 11

C:\Program Files\Microchip\xc8\v2.41\pic\sources\c99\common\fleq.c
		___fleq        		CODE           	1BE5	0000	78

C:\Program Files\Microchip\xc8\v2.41\pic\sources\c99\common\fleq.c estimated size: 78

shared
		__initialization		CODE           	07DB	0000	34

shared estimated size: 34

ADC.c
		_ADC_Get_Value 		CODE           	19CB	0000	22
		_ADC_Init      		CODE           	1997	0000	11

ADC.c estimated size: 33

C:\Program Files\Microchip\xc8\v2.41\pic\sources\c99\common\memcpy.c
		_memcpy        		CODE           	1B24	0000	39

C:\Program Files\Microchip\xc8\v2.41\pic\sources\c99\common\memcpy.c estimated size: 39

C:\Program Files\Microchip\xc8\v2.41\pic\sources\c99\common\Umul16.c
		___wmul        		CODE           	1A3B	0000	31

C:\Program Files\Microchip\xc8\v2.41\pic\sources\c99\common\Umul16.c estimated size: 31

C:\Program Files\Microchip\xc8\v2.41\pic\sources\c99\common\putch.c
		_putch         		CODE           	0005	0000	1

C:\Program Files\Microchip\xc8\v2.41\pic\sources\c99\common\putch.c estimated size: 1

C:\Program Files\Microchip\xc8\v2.41\pic\sources\c99\common\nf_fputs.c
		_fputs         		CODE           	1AFF	0000	37

C:\Program Files\Microchip\xc8\v2.41\pic\sources\c99\common\nf_fputs.c estimated size: 37

C:\Program Files\Microchip\xc8\v2.41\pic\sources\c99\common\labs.c
		_labs          		CODE           	1ABA	0000	34

C:\Program Files\Microchip\xc8\v2.41\pic\sources\c99\common\labs.c estimated size: 34

main.c
		_main          		CODE           	1CDA	0000	95

main.c estimated size: 95

C:\Program Files\Microchip\xc8\v2.41\pic\sources\c99\common\sprcmul.c
		___flmul       		CODE           	0DC5	0000	571

C:\Program Files\Microchip\xc8\v2.41\pic\sources\c99\common\sprcmul.c estimated size: 571

C:\Program Files\Microchip\xc8\v2.41\pic\sources\c99\common\sprcdiv.c
		___fldiv       		CODE           	0A0F	0000	426

C:\Program Files\Microchip\xc8\v2.41\pic\sources\c99\common\sprcdiv.c estimated size: 426

