Microchip MPLAB XC8 Compiler V2.41

Linker command line:

-W-3 \
  --edf=C:/Program Files/Microchip/MPLABX/v6.15/packs/Microchip/PIC12-16F1xxx_DFP/1.6.241/xc8\pic\dat\20230706175530_en.msgs \
  -cn -h+dist/default/debug\MENU_LCD.X.debug.sym \
  --cmf=dist/default/debug\MENU_LCD.X.debug.cmf -z -Q16F1939 \
  -oC:\Users\iProf\AppData\Local\Temp\xcAsjdg.\driver_tmp_3.o \
  --defsym=__MPLAB_BUILD=1 --fixupoverflow=error \
  -Mdist/default/debug/MENU_LCD.X.debug.map \
  --md=C:\Users\iProf\AppData\Local\Temp\xcAsjdg.\driver_tmp_0.dat -E1 \
  -ver=XC8 Compiler --acfsm=1493 -ACODE=00h-07FFhx8 -ASTRCODE=00h-03FFFh \
  -ASTRING=00h-0FFhx64 -ACONST=00h-0FFhx64 -AENTRY=00h-0FFhx64 \
  -ACOMMON=070h-07Fh -ABANK0=020h-06Fh -ABANK1=0A0h-0EFh \
  -ABANK2=0120h-016Fh -ABANK3=01A0h-01EFh -ABANK4=0220h-026Fh \
  -ABANK5=02A0h-02EFh -ABANK6=0320h-036Fh -ABANK7=03A0h-03EFh \
  -ABANK8=0420h-046Fh -ABANK9=04A0h-04EFh -ABANK10=0520h-056Fh \
  -ABANK11=05A0h-05EFh -ABANK12=0620h-064Fh -ABIGRAM=02000h-023EFh \
  -ARAM=020h-06Fh,0A0h-0EFh,0120h-016Fh,01A0h-01EFh,0220h-026Fh,02A0h-02EFh,0320h-036Fh,03A0h-03EFh,0420h-046Fh,04A0h-04EFh,0520h-056Fh,05A0h-05EFh,0620h-064Fh \
  -AABS1=020h-07Fh,0A0h-0EFh,0120h-016Fh,01A0h-01EFh,0220h-026Fh,02A0h-02EFh,0320h-036Fh,03A0h-03EFh,0420h-046Fh,04A0h-04EFh,0520h-056Fh,05A0h-05EFh,0620h-064Fh \
  -ASFR0=00h-01Fh -ASFR1=080h-09Fh -ASFR2=0100h-011Fh -ASFR3=0180h-019Fh \
  -ASFR4=0200h-021Fh -ASFR5=0280h-029Fh -ASFR6=0300h-031Fh \
  -ASFR7=0380h-039Fh -ASFR8=0400h-041Fh -ASFR9=0480h-049Fh \
  -ASFR10=0500h-051Fh -ASFR11=0580h-059Fh -ASFR12=0600h-061Fh \
  -ASFR13=0680h-06EFh -ASFR14=0700h-076Fh -ASFR15=0780h-07EFh \
  -ASFR16=0800h-086Fh -ASFR17=0880h-08EFh -ASFR18=0900h-096Fh \
  -ASFR19=0980h-09EFh -ASFR20=0A00h-0A6Fh -ASFR21=0A80h-0AEFh \
  -ASFR22=0B00h-0B6Fh -ASFR23=0B80h-0BEFh -ASFR24=0C00h-0C6Fh \
  -ASFR25=0C80h-0CEFh -ASFR26=0D00h-0D6Fh -ASFR27=0D80h-0DEFh \
  -ASFR28=0E00h-0E6Fh -ASFR29=0E80h-0EEFh -ASFR30=0F00h-0F6Fh \
  -ASFR31=0F80h-0FEFh -ACONFIG=08007h-08008h -DCONFIG=2 \
  -AIDLOC=08000h-08003h -DIDLOC=2 -AEEDATA=00h-0FFh/0F000h \
  -peeprom_data=EEDATA -DEEDATA=2 -DCODE=2 -DSTRCODE=2 -DSTRING=2 -DCONST=2 \
  -DENTRY=2 -preset_vec=00h,intentry,init,end_init -ppowerup=CODE \
  -pcinit=CODE -pfunctab=ENTRY -k \
  C:\Users\iProf\AppData\Local\Temp\xcAsjdg.\driver_tmp_15.o \
  dist/default/debug\MENU_LCD.X.debug.o 

Object code version is 3.11

Machine type is 16F1939



                Name                               Link     Load   Length Selector   Space Scale
C:\Users\iProf\AppData\Local\Temp\xcAsjdg.\driver_tmp_15.o
                end_init                              2        2        2        0       0
                reset_vec                             0        0        2        0       0
                config                             8007     8007        2        0       4
dist/default/debug\MENU_LCD.X.debug.o
                cinit                               7F8      7F8        8      FF0       0
                config                             8007     8007        2        0       4
                text18                              521      521       29      A42       0
                text17                              4E6      4E6       1C      9CC       0
                text16                              6BB      6BB       2D      D76       0
                text15                              54A      54A       29      A94       0
                text14                              4D1      4D1       15      9A2       0
                text13                              502      502       1F      A04       0
                text12                              573      573       29      AE6       0
                text11                              59C      59C       29      B38       0
                text10                              5C5      5C5       29      B8A       0
                text9                               5EE      5EE       29      BDC       0
                text8                               617      617       29      C2E       0
                text7                               640      640       29      C80       0
                text6                               669      669       29      CD2       0
                text5                               4C5      4C5        C      98A       0
                text4                               6E8      6E8       31      DD0       0
                text3                               692      692       29      D24       0
                text2                               74E      74E       50      E9C       0
                text1                               719      719       35      E32       0
                maintext                            79E      79E       5A      F3C       0
                cstackBANK0                          20       20        3       20       1
                cstackCOMMON                         70       70        E       70       1
                dataBANK0                            24       24        1       20       1
                bssBANK0                             23       23        1       20       1
                stringtext23                        9CE      9CE       15     1000       0
                stringtext22                        9B9      9B9       15     1000       0
                stringtext21                        9A4      9A4       15     1000       0
                stringtext20                        98F      98F       15     1000       0
                stringtext19                        97A      97A       15     1000       0
                stringtext18                        965      965       15     1000       0
                stringtext17                        950      950       15     1000       0
                stringtext16                        93B      93B       15     1000       0
                stringtext15                        926      926       15     1000       0
                stringtext14                        911      911       15     1000       0
                stringtext13                        8FC      8FC       15     1000       0
                stringtext12                        8E7      8E7       15     1000       0
                stringtext11                        8D2      8D2       15     1000       0
                stringtext10                        8BD      8BD       15     1000       0
                stringtext9                         8A8      8A8       15     1000       0
                stringtext8                         893      893       15     1000       0
                stringtext7                         87E      87E       15     1000       0
                stringtext6                         869      869       15     1000       0
                stringtext5                         854      854       15     1000       0
                stringtext4                         83F      83F       15     1000       0
                stringtext3                         82A      82A       15     1000       0
                stringtext2                         815      815       15     1000       0
                stringtext1                         800      800       15     1000       0
                idataBANK0                          4C4      4C4        1      988       0

TOTAL           Name                               Link     Load   Length     Space
        CLASS   CODE           
                end_init                              2        2        2         0
                cinit                               7F8      7F8        8         0
                reset_vec                             0        0        2         0
                text18                              521      521       29         0
                text17                              4E6      4E6       1C         0
                text16                              6BB      6BB       2D         0
                text15                              54A      54A       29         0
                text14                              4D1      4D1       15         0
                text13                              502      502       1F         0
                text12                              573      573       29         0
                text11                              59C      59C       29         0
                text10                              5C5      5C5       29         0
                text9                               5EE      5EE       29         0
                text8                               617      617       29         0
                text7                               640      640       29         0
                text6                               669      669       29         0
                text5                               4C5      4C5        C         0
                text4                               6E8      6E8       31         0
                text3                               692      692       29         0
                text2                               74E      74E       50         0
                text1                               719      719       35         0
                maintext                            79E      79E       5A         0
                idataBANK0                          4C4      4C4        1         0

        CLASS   STRCODE        
                stringtext23                        9CE      9CE       15         0
                stringtext22                        9B9      9B9       15         0
                stringtext21                        9A4      9A4       15         0
                stringtext20                        98F      98F       15         0
                stringtext19                        97A      97A       15         0
                stringtext18                        965      965       15         0
                stringtext17                        950      950       15         0
                stringtext16                        93B      93B       15         0
                stringtext15                        926      926       15         0
                stringtext14                        911      911       15         0
                stringtext13                        8FC      8FC       15         0
                stringtext12                        8E7      8E7       15         0
                stringtext11                        8D2      8D2       15         0
                stringtext10                        8BD      8BD       15         0
                stringtext9                         8A8      8A8       15         0
                stringtext8                         893      893       15         0
                stringtext7                         87E      87E       15         0
                stringtext6                         869      869       15         0
                stringtext5                         854      854       15         0
                stringtext4                         83F      83F       15         0
                stringtext3                         82A      82A       15         0
                stringtext2                         815      815       15         0
                stringtext1                         800      800       15         0

        CLASS   STRING         

        CLASS   CONST          

        CLASS   ENTRY          

        CLASS   COMMON         
                cstackCOMMON                         70       70        E         1

        CLASS   BANK0          
                cstackBANK0                          20       20        3         1
                dataBANK0                            24       24        1         1
                bssBANK0                             23       23        1         1

        CLASS   BANK1          

        CLASS   BANK2          

        CLASS   BANK3          

        CLASS   BANK4          

        CLASS   BANK5          

        CLASS   BANK6          

        CLASS   BANK7          

        CLASS   BANK8          

        CLASS   BANK9          

        CLASS   BANK10         

        CLASS   BANK11         

        CLASS   BANK12         

        CLASS   BIGRAM         

        CLASS   RAM            

        CLASS   ABS1           
                abs_s1                               7E       7E        2         1

        CLASS   SFR0           

        CLASS   SFR1           

        CLASS   SFR2           

        CLASS   SFR3           

        CLASS   SFR4           

        CLASS   SFR5           

        CLASS   SFR6           

        CLASS   SFR7           

        CLASS   SFR8           

        CLASS   SFR9           

        CLASS   SFR10          

        CLASS   SFR11          

        CLASS   SFR12          

        CLASS   SFR13          

        CLASS   SFR14          

        CLASS   SFR15          

        CLASS   SFR16          

        CLASS   SFR17          

        CLASS   SFR18          

        CLASS   SFR19          

        CLASS   SFR20          

        CLASS   SFR21          

        CLASS   SFR22          

        CLASS   SFR23          

        CLASS   SFR24          

        CLASS   SFR25          

        CLASS   SFR26          

        CLASS   SFR27          

        CLASS   SFR28          

        CLASS   SFR29          

        CLASS   SFR30          

        CLASS   SFR31          

        CLASS   CONFIG         
                config                             8007     8007        2         4

        CLASS   IDLOC          

        CLASS   EEDATA         

        CLASS   BANK31         

        CLASS   BANK30         

        CLASS   BANK29         

        CLASS   BANK28         

        CLASS   BANK27         

        CLASS   BANK26         

        CLASS   BANK25         

        CLASS   BANK24         

        CLASS   BANK23         

        CLASS   BANK22         

        CLASS   BANK21         

        CLASS   BANK20         

        CLASS   BANK19         

        CLASS   BANK18         

        CLASS   BANK17         

        CLASS   BANK16         

        CLASS   BANK15         

        CLASS   BANK14         

        CLASS   BANK13         

        CLASS   HEAP           

        CLASS   STACK          



SEGMENTS        Name                           Load    Length   Top    Selector   Space  Class     Delta

                reset_vec                      000000  000004  000004         0       0  CODE        2
                cstackBANK0                    000020  000005  000025        20       1  BANK0       1
                cstackCOMMON                   000070  00000E  00007E        70       1  COMMON      1
                idataBANK0                     0004C4  000001  0004C5       988       0  CODE        2
                text5                          0004C5  00000C  0004D1       98A       0  CODE        2
                text14                         0004D1  000015  0004E6       9A2       0  CODE        2
                text17                         0004E6  00001C  000502       9CC       0  CODE        2
                text13                         000502  00001F  000521       A04       0  CODE        2
                text18                         000521  000029  00054A       A42       0  CODE        2
                text15                         00054A  000029  000573       A94       0  CODE        2
                text12                         000573  000029  00059C       AE6       0  CODE        2
                text11                         00059C  000029  0005C5       B38       0  CODE        2
                text10                         0005C5  000029  0005EE       B8A       0  CODE        2
                text9                          0005EE  000029  000617       BDC       0  CODE        2
                text8                          000617  000029  000640       C2E       0  CODE        2
                text7                          000640  000029  000669       C80       0  CODE        2
                text6                          000669  000029  000692       CD2       0  CODE        2
                text3                          000692  000029  0006BB       D24       0  CODE        2
                text16                         0006BB  00002D  0006E8       D76       0  CODE        2
                text4                          0006E8  000031  000719       DD0       0  CODE        2
                text1                          000719  000035  00074E       E32       0  CODE        2
                text2                          00074E  000050  00079E       E9C       0  CODE        2
                maintext                       00079E  00005A  0007F8       F3C       0  CODE        2
                cinit                          0007F8  000008  000800       FF0       0  CODE        2
                stringtext1                    000800  0001E3  0009E3      1000       0  STRCODE     2


UNUSED ADDRESS RANGES

        Name                Unused          Largest block    Delta
        BANK0            00025-0006F              4B           1
        BANK1            000A0-000EF              50           1
        BANK10           00520-0056F              50           1
        BANK11           005A0-005EF              50           1
        BANK12           00620-0064F              30           1
        BANK2            00120-0016F              50           1
        BANK3            001A0-001EF              50           1
        BANK4            00220-0026F              50           1
        BANK5            002A0-002EF              50           1
        BANK6            00320-0036F              50           1
        BANK7            003A0-003EF              50           1
        BANK8            00420-0046F              50           1
        BANK9            004A0-004EF              50           1
        BIGRAM           02000-023EF             3F0           1
        CODE             00004-004C3             4C0           2
                         009E3-03FFF             800
        CONST            00004-004C3             100           2
                         009E3-03FFF             100
        EEDATA           0F000-0F0FF             100           2
        ENTRY            00004-004C3             100           2
                         009E3-03FFF             100
        IDLOC            08000-08003               4           2
        RAM              00025-0006F              4B           1
                         000A0-000EF              50
                         00120-0016F              50
                         001A0-001EF              50
                         00220-0026F              50
                         002A0-002EF              50
                         00320-0036F              50
                         003A0-003EF              50
                         00420-0046F              50
                         004A0-004EF              50
                         00520-0056F              50
                         005A0-005EF              50
                         00620-0064F              30
        SFR0             00000-0001F              20           1
        SFR1             00080-0009F              20           1
        SFR10            00500-0051F              20           1
        SFR11            00580-0059F              20           1
        SFR12            00600-0061F              20           1
        SFR13            00680-006EF              70           1
        SFR14            00700-0076F              70           1
        SFR15            00780-007EF              70           1
        SFR16            00800-0086F              70           1
        SFR17            00880-008EF              70           1
        SFR18            00900-0096F              70           1
        SFR19            00980-009EF              70           1
        SFR2             00100-0011F              20           1
        SFR20            00A00-00A6F              70           1
        SFR21            00A80-00AEF              70           1
        SFR22            00B00-00B6F              70           1
        SFR23            00B80-00BEF              70           1
        SFR24            00C00-00C6F              70           1
        SFR25            00C80-00CEF              70           1
        SFR26            00D00-00D6F              70           1
        SFR27            00D80-00DEF              70           1
        SFR28            00E00-00E6F              70           1
        SFR29            00E80-00EEF              70           1
        SFR3             00180-0019F              20           1
        SFR30            00F00-00F6F              70           1
        SFR31            00F80-00FEF              70           1
        SFR4             00200-0021F              20           1
        SFR5             00280-0029F              20           1
        SFR6             00300-0031F              20           1
        SFR7             00380-0039F              20           1
        SFR8             00400-0041F              20           1
        SFR9             00480-0049F              20           1
        STRCODE          00004-004C3             4C0           2
                         009E3-03FFF            361D
        STRING           00004-004C3             100           2
                         009E3-03FFF             100

                                  Symbol Table

LCD_Cmd@NibbleH          cstackCOMMON 00072
LCD_Cmd@NibbleL          cstackCOMMON 00073
LCD_Cmd@cmd              cstackCOMMON 00074
LCD_Set_Cursor@col       cstackCOMMON 00075
LCD_Set_Cursor@fila      cstackCOMMON 00078
LCD_Set_Cursor@pos       cstackCOMMON 00079
LCD_Write@col            cstackCOMMON 0007A
LCD_Write@fila           cstackCOMMON 0007C
LCD_Write@letra          cstackCOMMON 0007B
LCD_Write_Cp@NibbleH     cstackCOMMON 00072
LCD_Write_Cp@NibbleL     cstackCOMMON 00073
LCD_Write_Cp@letra       cstackCOMMON 00074
LCD_Write_Text@col       cstackCOMMON 0007A
LCD_Write_Text@fila      cstackBANK0  00020
LCD_Write_Text@text      cstackCOMMON 0007B
Load_Cmd@cmd             cstackCOMMON 00070
Load_Data@data           cstackCOMMON 00070
_ADCON0bits              (abs)        0009D
_ADCON1bits              (abs)        0009E
_ADRESH                  (abs)        0009C
_ADRESL                  (abs)        0009B
_ANSELAbits              (abs)        0018C
_ANSELBbits              (abs)        0018D
_BORCON                  (abs)        00116
_LATAbits                (abs)        0010C
_LATBbits                (abs)        0010D
_LATDbits                (abs)        0010F
_LCD_Cmd                 text17       004E6
_LCD_Init                text2        0074E
_LCD_Set_Cursor          text16       006BB
_LCD_Write               text5        004C5
_LCD_Write_Cp            text14       004D1
_LCD_Write_Text          text13       00502
_Load_Cmd                text18       00521
_Load_Data               text15       0054A
_MenuL1                  text12       00573
_MenuL2                  text11       0059C
_MenuL3                  text10       005C5
_MenuLeds                text9        005EE
_MenuMOTORA              text8        00617
_MenuMOTORB              text7        00640
_MenuMotores             text6        00669
_MenuPPAL                text4        006E8
_MenuSensores            text3        00692
_OSCCON                  (abs)        00099
_OSCTUNE                 (abs)        00098
_SystemInit              text1        00719
_TRISAbits               (abs)        0008C
_TRISBbits               (abs)        0008D
_TRISDbits               (abs)        0008F
__H__absolute__          __absolute__ 00000
__Habs1                  abs1         00000
__Hbank0                 bank0        00000
__Hbank1                 bank1        00000
__Hbank10                bank10       00000
__Hbank11                bank11       00000
__Hbank12                bank12       00000
__Hbank13                bank13       00000
__Hbank14                bank14       00000
__Hbank15                bank15       00000
__Hbank16                bank16       00000
__Hbank17                bank17       00000
__Hbank18                bank18       00000
__Hbank19                bank19       00000
__Hbank2                 bank2        00000
__Hbank20                bank20       00000
__Hbank21                bank21       00000
__Hbank22                bank22       00000
__Hbank23                bank23       00000
__Hbank24                bank24       00000
__Hbank25                bank25       00000
__Hbank26                bank26       00000
__Hbank27                bank27       00000
__Hbank28                bank28       00000
__Hbank29                bank29       00000
__Hbank3                 bank3        00000
__Hbank30                bank30       00000
__Hbank31                bank31       00000
__Hbank4                 bank4        00000
__Hbank5                 bank5        00000
__Hbank6                 bank6        00000
__Hbank7                 bank7        00000
__Hbank8                 bank8        00000
__Hbank9                 bank9        00000
__Hbigram                bigram       00000
__HbssBANK0              bssBANK0     00000
__Hcinit                 cinit        00800
__Hclrtext               clrtext      00000
__Hcode                  code         00000
__Hcommon                common       00000
__Hconfig                config       08009
__HcstackBANK0           cstackBANK0  00000
__HcstackCOMMON          cstackCOMMON 00000
__HdataBANK0             dataBANK0    00000
__Heeprom_data           eeprom_data  00000
__Hend_init              end_init     00004
__Hfunctab               functab      00000
__Hheap                  heap         00000
__HidataBANK0            idataBANK0   00000
__Hinit                  init         00002
__Hintentry              intentry     00002
__Hmaintext              maintext     00000
__Hpowerup               powerup      00000
__Hram                   ram          00000
__Hreset_vec             reset_vec    00002
__Hsfr0                  sfr0         00000
__Hsfr1                  sfr1         00000
__Hsfr10                 sfr10        00000
__Hsfr11                 sfr11        00000
__Hsfr12                 sfr12        00000
__Hsfr13                 sfr13        00000
__Hsfr14                 sfr14        00000
__Hsfr15                 sfr15        00000
__Hsfr16                 sfr16        00000
__Hsfr17                 sfr17        00000
__Hsfr18                 sfr18        00000
__Hsfr19                 sfr19        00000
__Hsfr2                  sfr2         00000
__Hsfr20                 sfr20        00000
__Hsfr21                 sfr21        00000
__Hsfr22                 sfr22        00000
__Hsfr23                 sfr23        00000
__Hsfr24                 sfr24        00000
__Hsfr25                 sfr25        00000
__Hsfr26                 sfr26        00000
__Hsfr27                 sfr27        00000
__Hsfr28                 sfr28        00000
__Hsfr29                 sfr29        00000
__Hsfr3                  sfr3         00000
__Hsfr30                 sfr30        00000
__Hsfr31                 sfr31        00000
__Hsfr4                  sfr4         00000
__Hsfr5                  sfr5         00000
__Hsfr6                  sfr6         00000
__Hsfr7                  sfr7         00000
__Hsfr8                  sfr8         00000
__Hsfr9                  sfr9         00000
__Hspace_0               (abs)        009E3
__Hspace_1               (abs)        0007E
__Hspace_2               (abs)        00000
__Hspace_3               (abs)        00000
__Hspace_4               (abs)        10010
__Hstack                 stack        00000
__Hstrings               strings      00000
__Hstringtext1           stringtext1  00000
__Hstringtext10          stringtext10 00000
__Hstringtext11          stringtext11 00000
__Hstringtext12          stringtext12 00000
__Hstringtext13          stringtext13 00000
__Hstringtext14          stringtext14 00000
__Hstringtext15          stringtext15 00000
__Hstringtext16          stringtext16 00000
__Hstringtext17          stringtext17 00000
__Hstringtext18          stringtext18 00000
__Hstringtext19          stringtext19 00000
__Hstringtext2           stringtext2  00000
__Hstringtext20          stringtext20 00000
__Hstringtext21          stringtext21 00000
__Hstringtext22          stringtext22 00000
__Hstringtext23          stringtext23 00000
__Hstringtext24          stringtext24 00000
__Hstringtext3           stringtext3  00000
__Hstringtext4           stringtext4  00000
__Hstringtext5           stringtext5  00000
__Hstringtext6           stringtext6  00000
__Hstringtext7           stringtext7  00000
__Hstringtext8           stringtext8  00000
__Hstringtext9           stringtext9  00000
__Htext                  text         00000
__L__absolute__          __absolute__ 00000
__Labs1                  abs1         00000
__Lbank0                 bank0        00000
__Lbank1                 bank1        00000
__Lbank10                bank10       00000
__Lbank11                bank11       00000
__Lbank12                bank12       00000
__Lbank13                bank13       00000
__Lbank14                bank14       00000
__Lbank15                bank15       00000
__Lbank16                bank16       00000
__Lbank17                bank17       00000
__Lbank18                bank18       00000
__Lbank19                bank19       00000
__Lbank2                 bank2        00000
__Lbank20                bank20       00000
__Lbank21                bank21       00000
__Lbank22                bank22       00000
__Lbank23                bank23       00000
__Lbank24                bank24       00000
__Lbank25                bank25       00000
__Lbank26                bank26       00000
__Lbank27                bank27       00000
__Lbank28                bank28       00000
__Lbank29                bank29       00000
__Lbank3                 bank3        00000
__Lbank30                bank30       00000
__Lbank31                bank31       00000
__Lbank4                 bank4        00000
__Lbank5                 bank5        00000
__Lbank6                 bank6        00000
__Lbank7                 bank7        00000
__Lbank8                 bank8        00000
__Lbank9                 bank9        00000
__Lbigram                bigram       00000
__LbssBANK0              bssBANK0     00000
__Lcinit                 cinit        007F8
__Lclrtext               clrtext      00000
__Lcode                  code         00000
__Lcommon                common       00000
__Lconfig                config       00000
__LcstackBANK0           cstackBANK0  00000
__LcstackCOMMON          cstackCOMMON 00000
__LdataBANK0             dataBANK0    00000
__Leeprom_data           eeprom_data  00000
__Lend_init              end_init     00002
__Lfunctab               functab      00000
__Lheap                  heap         00000
__LidataBANK0            idataBANK0   00000
__Linit                  init         00002
__Lintentry              intentry     00002
__Lmaintext              maintext     00000
__Lpowerup               powerup      00000
__Lram                   ram          00000
__Lreset_vec             reset_vec    00000
__Lsfr0                  sfr0         00000
__Lsfr1                  sfr1         00000
__Lsfr10                 sfr10        00000
__Lsfr11                 sfr11        00000
__Lsfr12                 sfr12        00000
__Lsfr13                 sfr13        00000
__Lsfr14                 sfr14        00000
__Lsfr15                 sfr15        00000
__Lsfr16                 sfr16        00000
__Lsfr17                 sfr17        00000
__Lsfr18                 sfr18        00000
__Lsfr19                 sfr19        00000
__Lsfr2                  sfr2         00000
__Lsfr20                 sfr20        00000
__Lsfr21                 sfr21        00000
__Lsfr22                 sfr22        00000
__Lsfr23                 sfr23        00000
__Lsfr24                 sfr24        00000
__Lsfr25                 sfr25        00000
__Lsfr26                 sfr26        00000
__Lsfr27                 sfr27        00000
__Lsfr28                 sfr28        00000
__Lsfr29                 sfr29        00000
__Lsfr3                  sfr3         00000
__Lsfr30                 sfr30        00000
__Lsfr31                 sfr31        00000
__Lsfr4                  sfr4         00000
__Lsfr5                  sfr5         00000
__Lsfr6                  sfr6         00000
__Lsfr7                  sfr7         00000
__Lsfr8                  sfr8         00000
__Lsfr9                  sfr9         00000
__Lspace_0               (abs)        00000
__Lspace_1               (abs)        00000
__Lspace_2               (abs)        00000
__Lspace_3               (abs)        00000
__Lspace_4               (abs)        00000
__Lstack                 stack        00000
__Lstrings               strings      00000
__Lstringtext1           stringtext1  00000
__Lstringtext10          stringtext10 00000
__Lstringtext11          stringtext11 00000
__Lstringtext12          stringtext12 00000
__Lstringtext13          stringtext13 00000
__Lstringtext14          stringtext14 00000
__Lstringtext15          stringtext15 00000
__Lstringtext16          stringtext16 00000
__Lstringtext17          stringtext17 00000
__Lstringtext18          stringtext18 00000
__Lstringtext19          stringtext19 00000
__Lstringtext2           stringtext2  00000
__Lstringtext20          stringtext20 00000
__Lstringtext21          stringtext21 00000
__Lstringtext22          stringtext22 00000
__Lstringtext23          stringtext23 00000
__Lstringtext24          stringtext24 00000
__Lstringtext3           stringtext3  00000
__Lstringtext4           stringtext4  00000
__Lstringtext5           stringtext5  00000
__Lstringtext6           stringtext6  00000
__Lstringtext7           stringtext7  00000
__Lstringtext8           stringtext8  00000
__Lstringtext9           stringtext9  00000
__Ltext                  text         00000
__S0                     (abs)        009E3
__S1                     (abs)        0007E
__S3                     (abs)        00000
___heap_hi               (abs)        00000
___heap_lo               (abs)        00000
___int_sp                stack        00000
___latbits               (abs)        00003
___sp                    stack        00000
___stackhi               (abs)        00000
___stacklo               (abs)        00000
__end_of_LCD_Cmd         text17       00502
__end_of_LCD_Init        text2        0079E
__end_of_LCD_Set_Cursor  text16       006E8
__end_of_LCD_Write       text5        004D1
__end_of_LCD_Write_Cp    text14       004E6
__end_of_LCD_Write_Text  text13       00521
__end_of_Load_Cmd        text18       0054A
__end_of_Load_Data       text15       00573
__end_of_MenuL1          text12       0059C
__end_of_MenuL2          text11       005C5
__end_of_MenuL3          text10       005EE
__end_of_MenuLeds        text9        00617
__end_of_MenuMOTORA      text8        00640
__end_of_MenuMOTORB      text7        00669
__end_of_MenuMotores     text6        00692
__end_of_MenuPPAL        text4        00719
__end_of_MenuSensores    text3        006BB
__end_of_SystemInit      text1        0074E
__end_of__initialization cinit        007FD
__end_of_main            maintext     007F8
__initialization         cinit        007F8
__pbssBANK0              bssBANK0     00023
__pcstackBANK0           cstackBANK0  00020
__pcstackCOMMON          cstackCOMMON 00070
__pdataBANK0             dataBANK0    00024
__pidataBANK0            idataBANK0   004C4
__pmaintext              maintext     0079E
__pstringtext1           stringtext1  00800
__pstringtext10          stringtext10 008BD
__pstringtext11          stringtext11 008D2
__pstringtext12          stringtext12 008E7
__pstringtext13          stringtext13 008FC
__pstringtext14          stringtext14 00911
__pstringtext15          stringtext15 00926
__pstringtext16          stringtext16 0093B
__pstringtext17          stringtext17 00950
__pstringtext18          stringtext18 00965
__pstringtext19          stringtext19 0097A
__pstringtext2           stringtext2  00815
__pstringtext20          stringtext20 0098F
__pstringtext21          stringtext21 009A4
__pstringtext22          stringtext22 009B9
__pstringtext23          stringtext23 009CE
__pstringtext24          stringtext24 00000
__pstringtext3           stringtext3  0082A
__pstringtext4           stringtext4  0083F
__pstringtext5           stringtext5  00854
__pstringtext6           stringtext6  00869
__pstringtext7           stringtext7  0087E
__pstringtext8           stringtext8  00893
__pstringtext9           stringtext9  008A8
__ptext1                 text1        00719
__ptext10                text10       005C5
__ptext11                text11       0059C
__ptext12                text12       00573
__ptext13                text13       00502
__ptext14                text14       004D1
__ptext15                text15       0054A
__ptext16                text16       006BB
__ptext17                text17       004E6
__ptext18                text18       00521
__ptext2                 text2        0074E
__ptext3                 text3        00692
__ptext4                 text4        006E8
__ptext5                 text5        004C5
__ptext6                 text6        00669
__ptext7                 text7        00640
__ptext8                 text8        00617
__ptext9                 text9        005EE
_main                    maintext     0079E
btemp                    (abs)        0007E
end_of_initialization    cinit        007FD
intlevel0                functab      00000
intlevel1                functab      00000
intlevel2                functab      00000
intlevel3                functab      00000
intlevel4                functab      00000
intlevel5                functab      00000
reset_vec                reset_vec    00000
start                    init         00002
start_initialization     cinit        007F8
wtemp0                   (abs)        0007E


MODULE INFORMATION

Module		Function		Class		Link	Load	Size
LCD_LIB.c
		_LCD_Init      		CODE           	074E	0000	80
		_LCD_Write_Text		CODE           	0502	0000	31
		_LCD_Cmd       		CODE           	04E6	0000	28
		_Load_Cmd      		CODE           	0521	0000	41
		_Load_Data     		CODE           	054A	0000	41
		_LCD_Set_Cursor		CODE           	06BB	0000	45
		_LCD_Write     		CODE           	04C5	0000	12
		_LCD_Write_Cp  		CODE           	04D1	0000	21

LCD_LIB.c estimated size: 299

Menu.c
		_MenuMOTORA    		CODE           	0617	0000	41
		_MenuMOTORB    		CODE           	0640	0000	41
		_MenuMotores   		CODE           	0669	0000	41
		_MenuL2        		CODE           	059C	0000	41
		_MenuL3        		CODE           	05C5	0000	41
		_MenuLeds      		CODE           	05EE	0000	41
		_SystemInit    		CODE           	0719	0000	53
		_MenuSensores  		CODE           	0692	0000	41
		_MenuL1        		CODE           	0573	0000	41
		_MenuPPAL      		CODE           	06E8	0000	49

Menu.c estimated size: 430

shared
		__initialization		CODE           	07F8	0000	5

shared estimated size: 5

main.c
		_main          		CODE           	079E	0000	90

main.c estimated size: 90

